------------------------------------------------------------
TimeQuest Timing Analyzer Summary
------------------------------------------------------------

Type  : Slow 1200mV 85C Model Setup 'CLOCK_50'
Slack : -12.136
TNS   : -3421.207

Type  : Slow 1200mV 85C Model Setup 'CP4_processor_sj166:myprocessor|DX:d_x|register:I|loop1[3].dffe_temp'
Slack : -8.587
TNS   : -49.283

Type  : Slow 1200mV 85C Model Setup 'CP4_processor_sj166:myprocessor|timer:processor_timer|count[0]'
Slack : -2.393
TNS   : -2.393

Type  : Slow 1200mV 85C Model Setup 'p1|altpll_component|pll|clk[2]'
Slack : 3.373
TNS   : 0.000

Type  : Slow 1200mV 85C Model Hold 'CP4_processor_sj166:myprocessor|DX:d_x|register:I|loop1[3].dffe_temp'
Slack : -0.956
TNS   : -4.269

Type  : Slow 1200mV 85C Model Hold 'CP4_processor_sj166:myprocessor|timer:processor_timer|count[0]'
Slack : 0.299
TNS   : 0.000

Type  : Slow 1200mV 85C Model Hold 'CLOCK_50'
Slack : 0.346
TNS   : 0.000

Type  : Slow 1200mV 85C Model Hold 'p1|altpll_component|pll|clk[2]'
Slack : 0.434
TNS   : 0.000

Type  : Slow 1200mV 85C Model Recovery 'CLOCK_50'
Slack : -2.280
TNS   : -179.666

Type  : Slow 1200mV 85C Model Recovery 'p1|altpll_component|pll|clk[2]'
Slack : 12.965
TNS   : 0.000

Type  : Slow 1200mV 85C Model Removal 'CLOCK_50'
Slack : 1.698
TNS   : 0.000

Type  : Slow 1200mV 85C Model Removal 'p1|altpll_component|pll|clk[2]'
Slack : 5.894
TNS   : 0.000

Type  : Slow 1200mV 85C Model Minimum Pulse Width 'CP4_processor_sj166:myprocessor|timer:processor_timer|count[0]'
Slack : -1.285
TNS   : -1.285

Type  : Slow 1200mV 85C Model Minimum Pulse Width 'CP4_processor_sj166:myprocessor|DX:d_x|register:I|loop1[3].dffe_temp'
Slack : 0.439
TNS   : 0.000

Type  : Slow 1200mV 85C Model Minimum Pulse Width 'CLOCK_50'
Slack : 9.657
TNS   : 0.000

Type  : Slow 1200mV 85C Model Minimum Pulse Width 'p1|altpll_component|pll|clk[2]'
Slack : 19.754
TNS   : 0.000

Type  : Slow 1200mV 0C Model Setup 'CLOCK_50'
Slack : -10.570
TNS   : -2734.222

Type  : Slow 1200mV 0C Model Setup 'CP4_processor_sj166:myprocessor|DX:d_x|register:I|loop1[3].dffe_temp'
Slack : -8.040
TNS   : -46.230

Type  : Slow 1200mV 0C Model Setup 'CP4_processor_sj166:myprocessor|timer:processor_timer|count[0]'
Slack : -2.071
TNS   : -2.071

Type  : Slow 1200mV 0C Model Setup 'p1|altpll_component|pll|clk[2]'
Slack : 4.110
TNS   : 0.000

Type  : Slow 1200mV 0C Model Hold 'CP4_processor_sj166:myprocessor|DX:d_x|register:I|loop1[3].dffe_temp'
Slack : -0.700
TNS   : -2.952

Type  : Slow 1200mV 0C Model Hold 'CP4_processor_sj166:myprocessor|timer:processor_timer|count[0]'
Slack : 0.295
TNS   : 0.000

Type  : Slow 1200mV 0C Model Hold 'CLOCK_50'
Slack : 0.323
TNS   : 0.000

Type  : Slow 1200mV 0C Model Hold 'p1|altpll_component|pll|clk[2]'
Slack : 0.399
TNS   : 0.000

Type  : Slow 1200mV 0C Model Recovery 'CLOCK_50'
Slack : -1.939
TNS   : -151.611

Type  : Slow 1200mV 0C Model Recovery 'p1|altpll_component|pll|clk[2]'
Slack : 13.644
TNS   : 0.000

Type  : Slow 1200mV 0C Model Removal 'CLOCK_50'
Slack : 1.642
TNS   : 0.000

Type  : Slow 1200mV 0C Model Removal 'p1|altpll_component|pll|clk[2]'
Slack : 5.206
TNS   : 0.000

Type  : Slow 1200mV 0C Model Minimum Pulse Width 'CP4_processor_sj166:myprocessor|timer:processor_timer|count[0]'
Slack : -1.285
TNS   : -1.285

Type  : Slow 1200mV 0C Model Minimum Pulse Width 'CP4_processor_sj166:myprocessor|DX:d_x|register:I|loop1[3].dffe_temp'
Slack : 0.154
TNS   : 0.000

Type  : Slow 1200mV 0C Model Minimum Pulse Width 'CLOCK_50'
Slack : 9.684
TNS   : 0.000

Type  : Slow 1200mV 0C Model Minimum Pulse Width 'p1|altpll_component|pll|clk[2]'
Slack : 19.754
TNS   : 0.000

Type  : Fast 1200mV 0C Model Setup 'CLOCK_50'
Slack : -5.283
TNS   : -1114.704

Type  : Fast 1200mV 0C Model Setup 'CP4_processor_sj166:myprocessor|DX:d_x|register:I|loop1[3].dffe_temp'
Slack : -4.033
TNS   : -23.091

Type  : Fast 1200mV 0C Model Setup 'CP4_processor_sj166:myprocessor|timer:processor_timer|count[0]'
Slack : -0.810
TNS   : -0.810

Type  : Fast 1200mV 0C Model Setup 'p1|altpll_component|pll|clk[2]'
Slack : 6.452
TNS   : 0.000

Type  : Fast 1200mV 0C Model Hold 'CP4_processor_sj166:myprocessor|DX:d_x|register:I|loop1[3].dffe_temp'
Slack : -0.510
TNS   : -2.349

Type  : Fast 1200mV 0C Model Hold 'CP4_processor_sj166:myprocessor|timer:processor_timer|count[0]'
Slack : 0.107
TNS   : 0.000

Type  : Fast 1200mV 0C Model Hold 'CLOCK_50'
Slack : 0.146
TNS   : 0.000

Type  : Fast 1200mV 0C Model Hold 'p1|altpll_component|pll|clk[2]'
Slack : 0.189
TNS   : 0.000

Type  : Fast 1200mV 0C Model Recovery 'CLOCK_50'
Slack : -0.914
TNS   : -67.875

Type  : Fast 1200mV 0C Model Recovery 'p1|altpll_component|pll|clk[2]'
Slack : 16.195
TNS   : 0.000

Type  : Fast 1200mV 0C Model Removal 'CLOCK_50'
Slack : 0.576
TNS   : 0.000

Type  : Fast 1200mV 0C Model Removal 'p1|altpll_component|pll|clk[2]'
Slack : 2.920
TNS   : 0.000

Type  : Fast 1200mV 0C Model Minimum Pulse Width 'CP4_processor_sj166:myprocessor|timer:processor_timer|count[0]'
Slack : -1.000
TNS   : -1.000

Type  : Fast 1200mV 0C Model Minimum Pulse Width 'CP4_processor_sj166:myprocessor|DX:d_x|register:I|loop1[3].dffe_temp'
Slack : 0.113
TNS   : 0.000

Type  : Fast 1200mV 0C Model Minimum Pulse Width 'CLOCK_50'
Slack : 9.382
TNS   : 0.000

Type  : Fast 1200mV 0C Model Minimum Pulse Width 'p1|altpll_component|pll|clk[2]'
Slack : 19.753
TNS   : 0.000

------------------------------------------------------------
