------------------------------------------------------------
TimeQuest Timing Analyzer Summary
------------------------------------------------------------

Type  : Slow 1200mV 85C Model Setup 'CLOCK_50'
Slack : -11.943
TNS   : -3475.253

Type  : Slow 1200mV 85C Model Setup 'CP4_processor_sj166:processor|DX:d_x|register:I|loop1[3].dffe_temp'
Slack : -8.508
TNS   : -45.921

Type  : Slow 1200mV 85C Model Setup 'CP4_processor_sj166:processor|timer:processor_timer|count[0]'
Slack : -2.397
TNS   : -2.397

Type  : Slow 1200mV 85C Model Setup 'p1|altpll_component|pll|clk[2]'
Slack : 3.356
TNS   : 0.000

Type  : Slow 1200mV 85C Model Hold 'CP4_processor_sj166:processor|timer:processor_timer|count[0]'
Slack : 0.373
TNS   : 0.000

Type  : Slow 1200mV 85C Model Hold 'CLOCK_50'
Slack : 0.401
TNS   : 0.000

Type  : Slow 1200mV 85C Model Hold 'p1|altpll_component|pll|clk[2]'
Slack : 0.427
TNS   : 0.000

Type  : Slow 1200mV 85C Model Hold 'CP4_processor_sj166:processor|DX:d_x|register:I|loop1[3].dffe_temp'
Slack : 0.892
TNS   : 0.000

Type  : Slow 1200mV 85C Model Recovery 'CLOCK_50'
Slack : -2.074
TNS   : -172.855

Type  : Slow 1200mV 85C Model Recovery 'p1|altpll_component|pll|clk[2]'
Slack : 9.892
TNS   : 0.000

Type  : Slow 1200mV 85C Model Removal 'CLOCK_50'
Slack : 1.510
TNS   : 0.000

Type  : Slow 1200mV 85C Model Removal 'p1|altpll_component|pll|clk[2]'
Slack : 8.301
TNS   : 0.000

Type  : Slow 1200mV 85C Model Minimum Pulse Width 'CP4_processor_sj166:processor|timer:processor_timer|count[0]'
Slack : -1.285
TNS   : -1.285

Type  : Slow 1200mV 85C Model Minimum Pulse Width 'CP4_processor_sj166:processor|DX:d_x|register:I|loop1[3].dffe_temp'
Slack : 0.426
TNS   : 0.000

Type  : Slow 1200mV 85C Model Minimum Pulse Width 'CLOCK_50'
Slack : 9.638
TNS   : 0.000

Type  : Slow 1200mV 85C Model Minimum Pulse Width 'p1|altpll_component|pll|clk[2]'
Slack : 19.714
TNS   : 0.000

Type  : Slow 1200mV 0C Model Setup 'CLOCK_50'
Slack : -10.485
TNS   : -2693.049

Type  : Slow 1200mV 0C Model Setup 'CP4_processor_sj166:processor|DX:d_x|register:I|loop1[3].dffe_temp'
Slack : -7.925
TNS   : -42.790

Type  : Slow 1200mV 0C Model Setup 'CP4_processor_sj166:processor|timer:processor_timer|count[0]'
Slack : -2.072
TNS   : -2.072

Type  : Slow 1200mV 0C Model Setup 'p1|altpll_component|pll|clk[2]'
Slack : 4.099
TNS   : 0.000

Type  : Slow 1200mV 0C Model Hold 'CLOCK_50'
Slack : 0.352
TNS   : 0.000

Type  : Slow 1200mV 0C Model Hold 'CP4_processor_sj166:processor|timer:processor_timer|count[0]'
Slack : 0.361
TNS   : 0.000

Type  : Slow 1200mV 0C Model Hold 'p1|altpll_component|pll|clk[2]'
Slack : 0.387
TNS   : 0.000

Type  : Slow 1200mV 0C Model Hold 'CP4_processor_sj166:processor|DX:d_x|register:I|loop1[3].dffe_temp'
Slack : 0.858
TNS   : 0.000

Type  : Slow 1200mV 0C Model Recovery 'CLOCK_50'
Slack : -1.775
TNS   : -146.642

Type  : Slow 1200mV 0C Model Recovery 'p1|altpll_component|pll|clk[2]'
Slack : 10.779
TNS   : 0.000

Type  : Slow 1200mV 0C Model Removal 'CLOCK_50'
Slack : 1.448
TNS   : 0.000

Type  : Slow 1200mV 0C Model Removal 'p1|altpll_component|pll|clk[2]'
Slack : 7.387
TNS   : 0.000

Type  : Slow 1200mV 0C Model Minimum Pulse Width 'CP4_processor_sj166:processor|timer:processor_timer|count[0]'
Slack : -1.285
TNS   : -1.285

Type  : Slow 1200mV 0C Model Minimum Pulse Width 'CP4_processor_sj166:processor|DX:d_x|register:I|loop1[3].dffe_temp'
Slack : 0.361
TNS   : 0.000

Type  : Slow 1200mV 0C Model Minimum Pulse Width 'CLOCK_50'
Slack : 9.657
TNS   : 0.000

Type  : Slow 1200mV 0C Model Minimum Pulse Width 'p1|altpll_component|pll|clk[2]'
Slack : 19.713
TNS   : 0.000

Type  : Fast 1200mV 0C Model Setup 'CLOCK_50'
Slack : -5.282
TNS   : -1046.589

Type  : Fast 1200mV 0C Model Setup 'CP4_processor_sj166:processor|DX:d_x|register:I|loop1[3].dffe_temp'
Slack : -4.088
TNS   : -21.940

Type  : Fast 1200mV 0C Model Setup 'CP4_processor_sj166:processor|timer:processor_timer|count[0]'
Slack : -0.812
TNS   : -0.812

Type  : Fast 1200mV 0C Model Setup 'p1|altpll_component|pll|clk[2]'
Slack : 6.444
TNS   : 0.000

Type  : Fast 1200mV 0C Model Hold 'CP4_processor_sj166:processor|timer:processor_timer|count[0]'
Slack : 0.168
TNS   : 0.000

Type  : Fast 1200mV 0C Model Hold 'CLOCK_50'
Slack : 0.178
TNS   : 0.000

Type  : Fast 1200mV 0C Model Hold 'p1|altpll_component|pll|clk[2]'
Slack : 0.193
TNS   : 0.000

Type  : Fast 1200mV 0C Model Hold 'CP4_processor_sj166:processor|DX:d_x|register:I|loop1[3].dffe_temp'
Slack : 0.565
TNS   : 0.000

Type  : Fast 1200mV 0C Model Recovery 'CLOCK_50'
Slack : -0.851
TNS   : -65.147

Type  : Fast 1200mV 0C Model Recovery 'p1|altpll_component|pll|clk[2]'
Slack : 14.445
TNS   : 0.000

Type  : Fast 1200mV 0C Model Removal 'CLOCK_50'
Slack : 0.489
TNS   : 0.000

Type  : Fast 1200mV 0C Model Removal 'p1|altpll_component|pll|clk[2]'
Slack : 4.171
TNS   : 0.000

Type  : Fast 1200mV 0C Model Minimum Pulse Width 'CP4_processor_sj166:processor|timer:processor_timer|count[0]'
Slack : -1.000
TNS   : -1.000

Type  : Fast 1200mV 0C Model Minimum Pulse Width 'CP4_processor_sj166:processor|DX:d_x|register:I|loop1[3].dffe_temp'
Slack : 0.274
TNS   : 0.000

Type  : Fast 1200mV 0C Model Minimum Pulse Width 'CLOCK_50'
Slack : 9.374
TNS   : 0.000

Type  : Fast 1200mV 0C Model Minimum Pulse Width 'p1|altpll_component|pll|clk[2]'
Slack : 19.752
TNS   : 0.000

------------------------------------------------------------
