------------------------------------------------------------
TimeQuest Timing Analyzer Summary
------------------------------------------------------------

Type  : Slow 1200mV 85C Model Setup 'clock'
Slack : -21.020
TNS   : -24871.565

Type  : Slow 1200mV 85C Model Setup 'DX:d_x|register:I|loop1[3].dffe_temp'
Slack : -8.185
TNS   : -42.216

Type  : Slow 1200mV 85C Model Setup 'timer:processor_timer|count[0]'
Slack : -2.391
TNS   : -2.391

Type  : Slow 1200mV 85C Model Hold 'timer:processor_timer|count[0]'
Slack : 0.384
TNS   : 0.000

Type  : Slow 1200mV 85C Model Hold 'clock'
Slack : 0.401
TNS   : 0.000

Type  : Slow 1200mV 85C Model Hold 'DX:d_x|register:I|loop1[3].dffe_temp'
Slack : 0.642
TNS   : 0.000

Type  : Slow 1200mV 85C Model Recovery 'clock'
Slack : -5.986
TNS   : -537.098

Type  : Slow 1200mV 85C Model Removal 'clock'
Slack : 1.979
TNS   : 0.000

Type  : Slow 1200mV 85C Model Minimum Pulse Width 'clock'
Slack : -3.000
TNS   : -8102.231

Type  : Slow 1200mV 85C Model Minimum Pulse Width 'timer:processor_timer|count[0]'
Slack : -1.285
TNS   : -1.285

Type  : Slow 1200mV 85C Model Minimum Pulse Width 'DX:d_x|register:I|loop1[3].dffe_temp'
Slack : 0.415
TNS   : 0.000

Type  : Slow 1200mV 0C Model Setup 'clock'
Slack : -19.353
TNS   : -22683.798

Type  : Slow 1200mV 0C Model Setup 'DX:d_x|register:I|loop1[3].dffe_temp'
Slack : -7.756
TNS   : -40.056

Type  : Slow 1200mV 0C Model Setup 'timer:processor_timer|count[0]'
Slack : -2.065
TNS   : -2.065

Type  : Slow 1200mV 0C Model Hold 'clock'
Slack : 0.353
TNS   : 0.000

Type  : Slow 1200mV 0C Model Hold 'timer:processor_timer|count[0]'
Slack : 0.369
TNS   : 0.000

Type  : Slow 1200mV 0C Model Hold 'DX:d_x|register:I|loop1[3].dffe_temp'
Slack : 0.764
TNS   : 0.000

Type  : Slow 1200mV 0C Model Recovery 'clock'
Slack : -5.475
TNS   : -490.712

Type  : Slow 1200mV 0C Model Removal 'clock'
Slack : 1.881
TNS   : 0.000

Type  : Slow 1200mV 0C Model Minimum Pulse Width 'clock'
Slack : -3.000
TNS   : -8006.663

Type  : Slow 1200mV 0C Model Minimum Pulse Width 'timer:processor_timer|count[0]'
Slack : -1.285
TNS   : -1.285

Type  : Slow 1200mV 0C Model Minimum Pulse Width 'DX:d_x|register:I|loop1[3].dffe_temp'
Slack : 0.303
TNS   : 0.000

Type  : Fast 1200mV 0C Model Setup 'clock'
Slack : -10.507
TNS   : -11104.474

Type  : Fast 1200mV 0C Model Setup 'DX:d_x|register:I|loop1[3].dffe_temp'
Slack : -3.973
TNS   : -20.494

Type  : Fast 1200mV 0C Model Setup 'timer:processor_timer|count[0]'
Slack : -0.808
TNS   : -0.808

Type  : Fast 1200mV 0C Model Hold 'timer:processor_timer|count[0]'
Slack : 0.176
TNS   : 0.000

Type  : Fast 1200mV 0C Model Hold 'clock'
Slack : 0.178
TNS   : 0.000

Type  : Fast 1200mV 0C Model Hold 'DX:d_x|register:I|loop1[3].dffe_temp'
Slack : 0.289
TNS   : 0.000

Type  : Fast 1200mV 0C Model Recovery 'clock'
Slack : -2.615
TNS   : -233.459

Type  : Fast 1200mV 0C Model Removal 'clock'
Slack : 0.713
TNS   : 0.000

Type  : Fast 1200mV 0C Model Minimum Pulse Width 'clock'
Slack : -3.000
TNS   : -4335.423

Type  : Fast 1200mV 0C Model Minimum Pulse Width 'timer:processor_timer|count[0]'
Slack : -1.000
TNS   : -1.000

Type  : Fast 1200mV 0C Model Minimum Pulse Width 'DX:d_x|register:I|loop1[3].dffe_temp'
Slack : 0.114
TNS   : 0.000

------------------------------------------------------------
