------------------------------------------------------------
TimeQuest Timing Analyzer Summary
------------------------------------------------------------

Type  : Slow 1200mV 85C Model Setup 'clock'
Slack : -21.515
TNS   : -25459.589

Type  : Slow 1200mV 85C Model Setup 'DX:d_x|register:I|loop1[3].dffe_temp'
Slack : -6.693
TNS   : -38.807

Type  : Slow 1200mV 85C Model Setup 'timer:processor_timer|count[0]'
Slack : -2.340
TNS   : -2.340

Type  : Slow 1200mV 85C Model Hold 'DX:d_x|register:I|loop1[3].dffe_temp'
Slack : -0.496
TNS   : -1.481

Type  : Slow 1200mV 85C Model Hold 'clock'
Slack : -0.172
TNS   : -0.172

Type  : Slow 1200mV 85C Model Hold 'timer:processor_timer|count[0]'
Slack : 0.334
TNS   : 0.000

Type  : Slow 1200mV 85C Model Recovery 'clock'
Slack : -7.258
TNS   : -638.382

Type  : Slow 1200mV 85C Model Removal 'clock'
Slack : 1.677
TNS   : 0.000

Type  : Slow 1200mV 85C Model Minimum Pulse Width 'clock'
Slack : -3.000
TNS   : -8143.351

Type  : Slow 1200mV 85C Model Minimum Pulse Width 'timer:processor_timer|count[0]'
Slack : -1.285
TNS   : -1.285

Type  : Slow 1200mV 85C Model Minimum Pulse Width 'DX:d_x|register:I|loop1[3].dffe_temp'
Slack : 0.397
TNS   : 0.000

Type  : Slow 1200mV 0C Model Setup 'clock'
Slack : -19.775
TNS   : -23303.393

Type  : Slow 1200mV 0C Model Setup 'DX:d_x|register:I|loop1[3].dffe_temp'
Slack : -6.259
TNS   : -36.303

Type  : Slow 1200mV 0C Model Setup 'timer:processor_timer|count[0]'
Slack : -2.019
TNS   : -2.019

Type  : Slow 1200mV 0C Model Hold 'DX:d_x|register:I|loop1[3].dffe_temp'
Slack : -0.340
TNS   : -0.669

Type  : Slow 1200mV 0C Model Hold 'clock'
Slack : -0.174
TNS   : -0.174

Type  : Slow 1200mV 0C Model Hold 'timer:processor_timer|count[0]'
Slack : 0.328
TNS   : 0.000

Type  : Slow 1200mV 0C Model Recovery 'clock'
Slack : -6.630
TNS   : -581.628

Type  : Slow 1200mV 0C Model Removal 'clock'
Slack : 1.604
TNS   : 0.000

Type  : Slow 1200mV 0C Model Minimum Pulse Width 'clock'
Slack : -3.000
TNS   : -8047.783

Type  : Slow 1200mV 0C Model Minimum Pulse Width 'timer:processor_timer|count[0]'
Slack : -1.285
TNS   : -1.285

Type  : Slow 1200mV 0C Model Minimum Pulse Width 'DX:d_x|register:I|loop1[3].dffe_temp'
Slack : 0.317
TNS   : 0.000

Type  : Fast 1200mV 0C Model Setup 'clock'
Slack : -10.751
TNS   : -11372.220

Type  : Fast 1200mV 0C Model Setup 'DX:d_x|register:I|loop1[3].dffe_temp'
Slack : -3.351
TNS   : -18.947

Type  : Fast 1200mV 0C Model Setup 'timer:processor_timer|count[0]'
Slack : -0.769
TNS   : -0.769

Type  : Fast 1200mV 0C Model Hold 'DX:d_x|register:I|loop1[3].dffe_temp'
Slack : -0.291
TNS   : -0.825

Type  : Fast 1200mV 0C Model Hold 'clock'
Slack : -0.150
TNS   : -0.150

Type  : Fast 1200mV 0C Model Hold 'timer:processor_timer|count[0]'
Slack : 0.112
TNS   : 0.000

Type  : Fast 1200mV 0C Model Recovery 'clock'
Slack : -3.331
TNS   : -284.784

Type  : Fast 1200mV 0C Model Removal 'clock'
Slack : 0.587
TNS   : 0.000

Type  : Fast 1200mV 0C Model Minimum Pulse Width 'clock'
Slack : -3.000
TNS   : -4371.830

Type  : Fast 1200mV 0C Model Minimum Pulse Width 'timer:processor_timer|count[0]'
Slack : -1.000
TNS   : -1.000

Type  : Fast 1200mV 0C Model Minimum Pulse Width 'DX:d_x|register:I|loop1[3].dffe_temp'
Slack : 0.127
TNS   : 0.000

------------------------------------------------------------
